{
    "FUSIONCATCHER_WORKFLOW - Homo sapiens - FASTQs chr4": {
        "content": [
            {
                "0": [
                    
                ],
                "1": [
                    
                ],
                "fusions": [
                    
                ],
                "versions": [
                    
                ]
            }
        ],
        "meta": {
            "nf-test": "0.9.0",
            "nextflow": "24.10.2"
        },
        "timestamp": "2024-12-09T20:39:28.49363464"
    }
}