{
    "Test build references": {
        "content": [
            1,
            {
                "FUSIONREPORT_DOWNLOAD": {
                    "fusion_report": "4.0.0"
                },
                "Workflow": {
                    "nf-core/rnafusion": "v4.0.0dev"
                }
            },
            [
                "pipeline_info",
                "pipeline_info/nf_core_rnafusion_software_mqc_versions.yml",
                "references",
                "references/fusion_report_db",
                "references/fusion_report_db/DB-timestamp.txt",
                "references/fusion_report_db/fusion_report.log",
                "references/fusion_report_db/fusiongdb2.db",
                "references/fusion_report_db/mitelman.db"
            ],
            [
                "fusion_report.log:md5,d41d8cd98f00b204e9800998ecf8427e"
            ]
        ],
        "meta": {
            "nf-test": "0.9.2",
            "nextflow": "25.04.6"
        },
        "timestamp": "2025-07-09T14:55:30.278624"
    }
}