{
    "test_build": {
        "content": [
            [
                "fastqc",
                "fastqc/test_1_fastqc.html",
                "fastqc/test_1_fastqc.zip",
                "fastqc/test_2_fastqc.html",
                "fastqc/test_2_fastqc.zip",
                "pipeline_info",
                "pipeline_info/nf_core_pipeline_software_mqc_versions.yml"
            ],
            [
                "test_1_fastqc.html:md5,fce82f01594d12b109776ced37ec0739",
                "test_1_fastqc.zip:md5,fd0eae421abf76c38f60656bc0fcf5cf",
                "test_2_fastqc.html:md5,40f5f42c62a0e36def4fc3d3c48089cd",
                "test_2_fastqc.zip:md5,1aaf903d6ea3957abe6f03ad832f82fa"
            ]
        ],
        "meta": {
            "nf-test": "0.9.2",
            "nextflow": "24.10.0"
        },
        "timestamp": "2024-12-18T21:05:30.032816"
    }
}