{
    "stub test no fastp trim": {
        "content": [
            0,
            null,
            [
                "pipeline_info"
            ]
        ],
        "meta": {
            "nf-test": "0.9.0",
            "nextflow": "24.10.2"
        },
        "timestamp": "2024-12-20T09:49:41.743056"
    },
    "stub test with fastp trim": {
        "content": [
            0,
            null,
            [
                "pipeline_info"
            ]
        ],
        "meta": {
            "nf-test": "0.9.0",
            "nextflow": "24.10.2"
        },
        "timestamp": "2024-12-20T09:49:14.743338"
    }
}