{
    "FUSIONINSPECTOR - stub": {
        "content": [
            {
                "0": [
                    [
                        {
                            "id": "test",
                            "single_end": false
                        },
                        "test.FusionInspector.fusions.tsv:md5,d41d8cd98f00b204e9800998ecf8427e"
                    ]
                ],
                "1": [
                    [
                        {
                            "id": "test",
                            "single_end": false
                        },
                        "test.FusionInspector.fusions.tsv.annotated.coding_effect:md5,d41d8cd98f00b204e9800998ecf8427e"
                    ]
                ],
                "2": [
                    [
                        {
                            "id": "test",
                            "single_end": false
                        },
                        "test.gtf:md5,d41d8cd98f00b204e9800998ecf8427e"
                    ]
                ],
                "3": [
                    [
                        {
                            "id": "test",
                            "single_end": false
                        },
                        "test.FusionInspector.log:md5,d41d8cd98f00b204e9800998ecf8427e"
                    ]
                ],
                "4": [
                    "versions.yml:md5,ad8d0da5929dfa70794bccf8765ddb23"
                ],
                "log": [
                    [
                        {
                            "id": "test",
                            "single_end": false
                        },
                        "test.FusionInspector.log:md5,d41d8cd98f00b204e9800998ecf8427e"
                    ]
                ],
                "out_gtf": [
                    [
                        {
                            "id": "test",
                            "single_end": false
                        },
                        "test.gtf:md5,d41d8cd98f00b204e9800998ecf8427e"
                    ]
                ],
                "tsv": [
                    [
                        {
                            "id": "test",
                            "single_end": false
                        },
                        "test.FusionInspector.fusions.tsv:md5,d41d8cd98f00b204e9800998ecf8427e"
                    ]
                ],
                "tsv_coding_effect": [
                    [
                        {
                            "id": "test",
                            "single_end": false
                        },
                        "test.FusionInspector.fusions.tsv.annotated.coding_effect:md5,d41d8cd98f00b204e9800998ecf8427e"
                    ]
                ],
                "versions": [
                    "versions.yml:md5,ad8d0da5929dfa70794bccf8765ddb23"
                ]
            }
        ],
        "meta": {
            "nf-test": "0.9.2",
            "nextflow": "24.10.3"
        },
        "timestamp": "2024-12-26T23:13:02.858688488"
    },
    "FUSIONINSPECTOR": {
        "content": [
            "test.FusionInspector.fusions.tsv",
            [
                
            ],
            [
                
            ],
            "FusionInspector.log",
            [
                "versions.yml:md5,ad8d0da5929dfa70794bccf8765ddb23"
            ]
        ],
        "meta": {
            "nf-test": "0.9.2",
            "nextflow": "24.10.3"
        },
        "timestamp": "2024-12-27T16:38:17.787825557"
    }
}