{
    "insertsize_metric": {
        "content": "160db81b19843c4d46fe74ac61f9f013",
        "meta": {
            "nf-test": "0.9.0",
            "nextflow": "24.10.2"
        },
        "timestamp": "2024-12-04T19:10:04.844976546"
    },
    "versions": {
        "content": [
            "versions.yml:md5,3f13b395c67e317f74194b3b6c89f139"
        ],
        "meta": {
            "nf-test": "0.9.0",
            "nextflow": "24.10.2"
        },
        "timestamp": "2024-12-04T19:10:04.80151539"
    },
    "duplicate_metric": {
        "content": "651d8a4702f9f9871e94afbce3e50e34",
        "meta": {
            "nf-test": "0.9.0",
            "nextflow": "24.10.2"
        },
        "timestamp": "2024-12-04T19:10:04.837403415"
    },
    "rnaseq_metric": {
        "content": "84a348c3735ed2f6c47f346eeed661f4",
        "meta": {
            "nf-test": "0.9.0",
            "nextflow": "24.10.2"
        },
        "timestamp": "2024-12-04T19:10:04.828498524"
    }
}