{
    "QC_WORKFLOW - Homo sapiens chr22": {
        "content": [
            "versions.yml:md5,3f13b395c67e317f74194b3b6c89f139",
            [
                "",
                "## METRICS CLASS\tpicard.analysis.RnaSeqMetrics",
                "PF_BASES\tPF_ALIGNED_BASES\tRIBOSOMAL_BASES\tCODING_BASES\tUTR_BASES\tINTRONIC_BASES\tINTERGENIC_BASES\tIGNORED_READS\tCORRECT_STRAND_READS\tINCORRECT_STRAND_READS\tNUM_R1_TRANSCRIPT_STRAND_READS\tNUM_R2_TRANSCRIPT_STRAND_READS\tNUM_UNEXPLAINED_READS\tPCT_R1_TRANSCRIPT_STRAND_READS\tPCT_R2_TRANSCRIPT_STRAND_READS\tPCT_RIBOSOMAL_BASES\tPCT_CODING_BASES\tPCT_UTR_BASES\tPCT_INTRONIC_BASES\tPCT_INTERGENIC_BASES\tPCT_MRNA_BASES\tPCT_USABLE_BASES\tPCT_CORRECT_STRAND_READS\tMEDIAN_CV_COVERAGE\tMEDIAN_5PRIME_BIAS\tMEDIAN_3PRIME_BIAS\tMEDIAN_5PRIME_TO_3PRIME_BIAS\tSAMPLE\tLIBRARY\tREAD_GROUP",
                "672131\t670989\t\t0\t323630\t84236\t263123\t0\t1324\t1328\t664\t661\t1\t0.501132\t0.498868\t\t0\t0.482318\t0.12554\t0.392142\t0.482318\t0.481498\t0.499246\t4.318717\t0\t0.529614\t0\t\t\t",
                "",
                "## HISTOGRAM\tjava.lang.Integer",
                "normalized_position\tAll_Reads.normalized_coverage",
                "0\t0",
                "1\t0",
                "2\t0",
                "3\t0",
                "4\t0",
                "5\t0",
                "6\t0",
                "7\t0",
                "8\t0",
                "9\t0",
                "10\t0",
                "11\t0",
                "12\t0",
                "13\t0",
                "14\t0",
                "15\t0",
                "16\t0",
                "17\t0",
                "18\t0",
                "19\t0",
                "20\t0",
                "21\t0",
                "22\t0",
                "23\t0",
                "24\t0",
                "25\t0",
                "26\t0",
                "27\t0",
                "28\t0",
                "29\t0",
                "30\t0",
                "31\t0",
                "32\t0",
                "33\t0",
                "34\t0",
                "35\t0",
                "36\t0",
                "37\t0",
                "38\t0",
                "39\t0",
                "40\t0",
                "41\t0",
                "42\t0",
                "43\t0",
                "44\t0",
                "45\t0",
                "46\t0",
                "47\t0",
                "48\t0",
                "49\t0",
                "50\t0",
                "51\t0",
                "52\t0",
                "53\t0",
                "54\t0",
                "55\t0",
                "56\t0",
                "57\t0",
                "58\t0",
                "59\t0",
                "60\t0",
                "61\t0",
                "62\t0.007542",
                "63\t0.353257",
                "64\t0.901997",
                "65\t0.824165",
                "66\t0.103172",
                "67\t0.004348",
                "68\t0",
                "69\t0",
                "70\t0",
                "71\t0",
                "72\t0",
                "73\t0",
                "74\t0",
                "75\t0",
                "76\t0",
                "77\t0",
                "78\t0",
                "79\t0",
                "80\t0",
                "81\t0",
                "82\t0",
                "83\t0",
                "84\t0",
                "85\t0",
                "86\t0",
                "87\t0",
                "88\t0",
                "89\t0",
                "90\t0",
                "91\t0.651006",
                "92\t6.035418",
                "93\t15.914658",
                "94\t23.771379",
                "95\t25.867993",
                "96\t18.602848",
                "97\t6.578541",
                "98\t0.156266",
                "99\t0.03077",
                "100\t0.012318",
                ""
            ],
            [
                "",
                "## METRICS CLASS\tpicard.sam.DuplicationMetrics",
                "LIBRARY\tUNPAIRED_READS_EXAMINED\tREAD_PAIRS_EXAMINED\tSECONDARY_OR_SUPPLEMENTARY_RDS\tUNMAPPED_READS\tUNPAIRED_READ_DUPLICATES\tREAD_PAIR_DUPLICATES\tREAD_PAIR_OPTICAL_DUPLICATES\tPERCENT_DUPLICATION\tESTIMATED_LIBRARY_SIZE",
                "testN\t0\t2820\t2\t2\t0\t828\t0\t0.293617\t3807",
                "",
                "## HISTOGRAM\tjava.lang.Double",
                "BIN\tCoverageMult\tall_sets\tnon_optical_sets",
                "1.0\t0.999986\t1178\t1178",
                "2.0\t1.47674\t800\t800",
                "3.0\t1.704038\t14\t14",
                "4.0\t1.812404\t0\t0",
                "5.0\t1.864069\t0\t0",
                "6.0\t1.888701\t0\t0",
                "7.0\t1.900444\t0\t0",
                "8.0\t1.906043\t0\t0",
                "9.0\t1.908712\t0\t0",
                "10.0\t1.909985\t0\t0",
                "11.0\t1.910592\t0\t0",
                "12.0\t1.910881\t0\t0",
                "13.0\t1.911019\t0\t0",
                "14.0\t1.911085\t0\t0",
                "15.0\t1.911116\t0\t0",
                "16.0\t1.911131\t0\t0",
                "17.0\t1.911138\t0\t0",
                "18.0\t1.911141\t0\t0",
                "19.0\t1.911143\t0\t0",
                "20.0\t1.911144\t0\t0",
                "21.0\t1.911144\t0\t0",
                "22.0\t1.911144\t0\t0",
                "23.0\t1.911145\t0\t0",
                "24.0\t1.911145\t0\t0",
                "25.0\t1.911145\t0\t0",
                "26.0\t1.911145\t0\t0",
                "27.0\t1.911145\t0\t0",
                "28.0\t1.911145\t0\t0",
                "29.0\t1.911145\t0\t0",
                "30.0\t1.911145\t0\t0",
                "31.0\t1.911145\t0\t0",
                "32.0\t1.911145\t0\t0",
                "33.0\t1.911145\t0\t0",
                "34.0\t1.911145\t0\t0",
                "35.0\t1.911145\t0\t0",
                "36.0\t1.911145\t0\t0",
                "37.0\t1.911145\t0\t0",
                "38.0\t1.911145\t0\t0",
                "39.0\t1.911145\t0\t0",
                "40.0\t1.911145\t0\t0",
                "41.0\t1.911145\t0\t0",
                "42.0\t1.911145\t0\t0",
                "43.0\t1.911145\t0\t0",
                "44.0\t1.911145\t0\t0",
                "45.0\t1.911145\t0\t0",
                "46.0\t1.911145\t0\t0",
                "47.0\t1.911145\t0\t0",
                "48.0\t1.911145\t0\t0",
                "49.0\t1.911145\t0\t0",
                "50.0\t1.911145\t0\t0",
                "51.0\t1.911145\t0\t0",
                "52.0\t1.911145\t0\t0",
                "53.0\t1.911145\t0\t0",
                "54.0\t1.911145\t0\t0",
                "55.0\t1.911145\t0\t0",
                "56.0\t1.911145\t0\t0",
                "57.0\t1.911145\t0\t0",
                "58.0\t1.911145\t0\t0",
                "59.0\t1.911145\t0\t0",
                "60.0\t1.911145\t0\t0",
                "61.0\t1.911145\t0\t0",
                "62.0\t1.911145\t0\t0",
                "63.0\t1.911145\t0\t0",
                "64.0\t1.911145\t0\t0",
                "65.0\t1.911145\t0\t0",
                "66.0\t1.911145\t0\t0",
                "67.0\t1.911145\t0\t0",
                "68.0\t1.911145\t0\t0",
                "69.0\t1.911145\t0\t0",
                "70.0\t1.911145\t0\t0",
                "71.0\t1.911145\t0\t0",
                "72.0\t1.911145\t0\t0",
                "73.0\t1.911145\t0\t0",
                "74.0\t1.911145\t0\t0",
                "75.0\t1.911145\t0\t0",
                "76.0\t1.911145\t0\t0",
                "77.0\t1.911145\t0\t0",
                "78.0\t1.911145\t0\t0",
                "79.0\t1.911145\t0\t0",
                "80.0\t1.911145\t0\t0",
                "81.0\t1.911145\t0\t0",
                "82.0\t1.911145\t0\t0",
                "83.0\t1.911145\t0\t0",
                "84.0\t1.911145\t0\t0",
                "85.0\t1.911145\t0\t0",
                "86.0\t1.911145\t0\t0",
                "87.0\t1.911145\t0\t0",
                "88.0\t1.911145\t0\t0",
                "89.0\t1.911145\t0\t0",
                "90.0\t1.911145\t0\t0",
                "91.0\t1.911145\t0\t0",
                "92.0\t1.911145\t0\t0",
                "93.0\t1.911145\t0\t0",
                "94.0\t1.911145\t0\t0",
                "95.0\t1.911145\t0\t0",
                "96.0\t1.911145\t0\t0",
                "97.0\t1.911145\t0\t0",
                "98.0\t1.911145\t0\t0",
                "99.0\t1.911145\t0\t0",
                "100.0\t1.911145\t0\t0",
                ""
            ],
            [
                "",
                "## METRICS CLASS\tpicard.analysis.InsertSizeMetrics",
                "MEDIAN_INSERT_SIZE\tMODE_INSERT_SIZE\tMEDIAN_ABSOLUTE_DEVIATION\tMIN_INSERT_SIZE\tMAX_INSERT_SIZE\tMEAN_INSERT_SIZE\tSTANDARD_DEVIATION\tREAD_PAIRS\tPAIR_ORIENTATION\tWIDTH_OF_10_PERCENT\tWIDTH_OF_20_PERCENT\tWIDTH_OF_30_PERCENT\tWIDTH_OF_40_PERCENT\tWIDTH_OF_50_PERCENT\tWIDTH_OF_60_PERCENT\tWIDTH_OF_70_PERCENT\tWIDTH_OF_80_PERCENT\tWIDTH_OF_90_PERCENT\tWIDTH_OF_95_PERCENT\tWIDTH_OF_99_PERCENT\tSAMPLE\tLIBRARY\tREAD_GROUP",
                "123\t96\t23\t32\t300\t125.684397\t32.447863\t2820\tFR\t11\t17\t27\t37\t47\t57\t69\t83\t103\t125\t169\t\t\t",
                "",
                "## HISTOGRAM\tjava.lang.Integer",
                "insert_size\tAll_Reads.fr_count",
                "32\t1",
                "41\t1",
                "49\t3",
                "51\t1",
                "52\t2",
                "54\t1",
                "58\t1",
                "59\t2",
                "60\t1",
                "61\t4",
                "62\t1",
                "63\t5",
                "65\t5",
                "66\t2",
                "67\t6",
                "68\t3",
                "69\t5",
                "70\t10",
                "71\t11",
                "72\t7",
                "73\t8",
                "74\t4",
                "75\t12",
                "76\t11",
                "77\t19",
                "78\t15",
                "79\t13",
                "80\t17",
                "81\t24",
                "82\t18",
                "83\t19",
                "84\t25",
                "85\t15",
                "86\t24",
                "87\t30",
                "88\t29",
                "89\t21",
                "90\t16",
                "91\t24",
                "92\t30",
                "93\t23",
                "94\t21",
                "95\t43",
                "96\t54",
                "97\t34",
                "98\t28",
                "99\t24",
                "100\t44",
                "101\t24",
                "102\t27",
                "103\t22",
                "104\t33",
                "105\t26",
                "106\t28",
                "107\t35",
                "108\t26",
                "109\t24",
                "110\t34",
                "111\t29",
                "112\t22",
                "113\t36",
                "114\t30",
                "115\t49",
                "116\t36",
                "117\t33",
                "118\t34",
                "119\t38",
                "120\t14",
                "121\t39",
                "122\t30",
                "123\t28",
                "124\t36",
                "125\t36",
                "126\t25",
                "127\t32",
                "128\t31",
                "129\t28",
                "130\t39",
                "131\t45",
                "132\t25",
                "133\t18",
                "134\t25",
                "135\t31",
                "136\t30",
                "137\t29",
                "138\t34",
                "139\t32",
                "140\t28",
                "141\t41",
                "142\t27",
                "143\t23",
                "144\t26",
                "145\t31",
                "146\t21",
                "147\t29",
                "148\t18",
                "149\t17",
                "150\t19",
                "151\t20",
                "152\t28",
                "153\t28",
                "154\t18",
                "155\t23",
                "156\t20",
                "157\t29",
                "158\t16",
                "159\t15",
                "160\t14",
                "161\t18",
                "162\t19",
                "163\t15",
                "164\t9",
                "165\t11",
                "166\t21",
                "167\t9",
                "168\t17",
                "169\t16",
                "170\t17",
                "171\t13",
                "172\t14",
                "173\t21",
                "174\t9",
                "175\t9",
                "176\t7",
                "177\t9",
                "178\t9",
                "179\t9",
                "180\t2",
                "181\t8",
                "182\t8",
                "183\t3",
                "184\t12",
                "185\t10",
                "186\t5",
                "187\t7",
                "188\t1",
                "189\t5",
                "190\t8",
                "191\t10",
                "192\t8",
                "193\t2",
                "194\t6",
                "195\t1",
                "196\t2",
                "197\t3",
                "198\t2",
                "199\t4",
                "200\t7",
                "201\t2",
                "202\t6",
                "203\t4",
                "204\t4",
                "205\t2",
                "206\t4",
                "207\t4",
                "209\t1",
                "210\t1",
                "212\t2",
                "213\t4",
                "214\t3",
                "215\t1",
                "216\t4",
                "218\t2",
                "220\t1",
                "221\t2",
                "223\t1",
                "224\t1",
                "231\t1",
                "236\t1",
                "239\t1",
                "300\t1",
                ""
            ]
        ],
        "meta": {
            "nf-test": "0.9.0",
            "nextflow": "24.10.2"
        },
        "timestamp": "2024-12-03T21:08:20.661591983"
    }
}